Log file created at: 2019/11/15 00:46:46
Running on machine: siwei
Log line format: [IWEF]mmdd hh:mm:ss.uuuuuu threadid file:line] msg
I1115 00:46:46.215809 35752 pubsub.cpp:100] INFO log path is /home/siwei/github/ultimate/log/PUBSUB_INFO
W1115 00:46:46.215982 35752 pubsub.cpp:101] WARNING log path is /home/siwei/github/ultimate/log/PUBSUB_WARNING
E1115 00:46:46.216030 35752 pubsub.cpp:102] ERROR log path is /home/siwei/github/ultimate/log/PUBSUB_ERROR
W1115 00:46:46.216095 35752 pubsub.cpp:155] bind success ,port is 10086
I1115 00:46:46.216264 35752 pubsub.cpp:196] recvThread init success
I1115 00:46:46.216313 35752 pubsub.cpp:203] heartBeatThread init success
I1115 00:46:46.216413 35752 pubsub.cpp:210] runSendThread init success
I1115 00:46:46.216464 35752 pubsub.cpp:218] sendThread init success
I1115 00:46:46.216480 35756 pubsub.cpp:400] recvMsgFromServer:before read,pubsub_msg_t size is 0
I1115 00:46:46.216509 35752 pubsub.cpp:226] solveThread init success
I1115 00:46:47.216784 35755 pubsub.cpp:334] write len is 12345
I1115 00:46:47.216828 35755 pubsub.cpp:339] HEATBEAT2CLENT:1
I1115 00:46:47.242094 35756 pubsub.cpp:402] recvMsgFromServer:after read,len is 24 errno is 0:Success
I1115 00:46:47.242198 35756 pubsub.cpp:411] 1234567890
I1115 00:46:47.242215 35756 pubsub.cpp:413] recv msgs:1
I1115 00:46:47.242233 35756 pubsub.cpp:400] recvMsgFromServer:before read,pubsub_msg_t size is 12
I1115 00:46:48.216718 35755 pubsub.cpp:334] write len is 12345
I1115 00:46:48.216758 35755 pubsub.cpp:339] HEATBEAT2CLENT:1
I1115 00:46:48.217922 35756 pubsub.cpp:402] recvMsgFromServer:after read,len is 12 errno is 0:Success
I1115 00:46:48.217962 35756 pubsub.cpp:411] 1234567890
I1115 00:46:48.217977 35756 pubsub.cpp:413] recv msgs:2
I1115 00:46:48.217990 35756 pubsub.cpp:400] recvMsgFromServer:before read,pubsub_msg_t size is 12
I1115 00:46:49.216832 35755 pubsub.cpp:334] write len is 12345
I1115 00:46:49.216888 35755 pubsub.cpp:339] HEATBEAT2CLENT:1
I1115 00:46:49.217686 35756 pubsub.cpp:402] recvMsgFromServer:after read,len is 12 errno is 0:Success
I1115 00:46:49.217713 35756 pubsub.cpp:411] 1234567890
I1115 00:46:49.217730 35756 pubsub.cpp:413] recv msgs:3
I1115 00:46:49.217746 35756 pubsub.cpp:400] recvMsgFromServer:before read,pubsub_msg_t size is 12
I1115 00:46:50.216909 35755 pubsub.cpp:334] write len is 12345
I1115 00:46:50.216943 35755 pubsub.cpp:339] HEATBEAT2CLENT:1
I1115 00:46:50.218003 35756 pubsub.cpp:402] recvMsgFromServer:after read,len is 12 errno is 0:Success
I1115 00:46:50.218024 35756 pubsub.cpp:411] 1234567890
I1115 00:46:50.218036 35756 pubsub.cpp:413] recv msgs:4
I1115 00:46:50.218052 35756 pubsub.cpp:400] recvMsgFromServer:before read,pubsub_msg_t size is 12
I1115 00:46:51.217036 35755 pubsub.cpp:334] write len is 12345
I1115 00:46:51.217089 35755 pubsub.cpp:339] HEATBEAT2CLENT:1
I1115 00:46:51.217764 35756 pubsub.cpp:402] recvMsgFromServer:after read,len is 12 errno is 0:Success
I1115 00:46:51.217785 35756 pubsub.cpp:411] 1234567890
I1115 00:46:51.217800 35756 pubsub.cpp:413] recv msgs:5
I1115 00:46:51.217814 35756 pubsub.cpp:400] recvMsgFromServer:before read,pubsub_msg_t size is 12
I1115 00:46:52.217265 35755 pubsub.cpp:334] write len is 12345
I1115 00:46:52.217321 35755 pubsub.cpp:339] HEATBEAT2CLENT:1
I1115 00:46:52.218312 35756 pubsub.cpp:402] recvMsgFromServer:after read,len is 12 errno is 0:Success
I1115 00:46:52.218335 35756 pubsub.cpp:411] 1234567890
I1115 00:46:52.218345 35756 pubsub.cpp:413] recv msgs:6
I1115 00:46:52.218358 35756 pubsub.cpp:400] recvMsgFromServer:before read,pubsub_msg_t size is 12
I1115 00:46:53.217375 35755 pubsub.cpp:334] write len is 12345
I1115 00:46:53.217437 35755 pubsub.cpp:339] HEATBEAT2CLENT:1
I1115 00:46:53.218619 35756 pubsub.cpp:402] recvMsgFromServer:after read,len is 12 errno is 0:Success
I1115 00:46:53.218684 35756 pubsub.cpp:411] 1234567890
I1115 00:46:53.218698 35756 pubsub.cpp:413] recv msgs:7
I1115 00:46:53.218711 35756 pubsub.cpp:400] recvMsgFromServer:before read,pubsub_msg_t size is 12
I1115 00:46:54.217352 35755 pubsub.cpp:334] write len is 12345
I1115 00:46:54.217411 35755 pubsub.cpp:339] HEATBEAT2CLENT:1
I1115 00:46:54.218807 35756 pubsub.cpp:402] recvMsgFromServer:after read,len is 12 errno is 0:Success
I1115 00:46:54.218868 35756 pubsub.cpp:411] 1234567890
I1115 00:46:54.218880 35756 pubsub.cpp:413] recv msgs:8
I1115 00:46:54.218891 35756 pubsub.cpp:400] recvMsgFromServer:before read,pubsub_msg_t size is 12
I1115 00:46:55.217680 35755 pubsub.cpp:334] write len is 12345
I1115 00:46:55.217738 35755 pubsub.cpp:339] HEATBEAT2CLENT:1
I1115 00:46:55.218745 35756 pubsub.cpp:402] recvMsgFromServer:after read,len is 12 errno is 0:Success
I1115 00:46:55.218777 35756 pubsub.cpp:411] 1234567890
I1115 00:46:55.218802 35756 pubsub.cpp:413] recv msgs:9
I1115 00:46:55.218818 35756 pubsub.cpp:400] recvMsgFromServer:before read,pubsub_msg_t size is 12
I1115 00:46:56.217532 35755 pubsub.cpp:334] write len is 12345
I1115 00:46:56.217571 35755 pubsub.cpp:339] HEATBEAT2CLENT:1
I1115 00:46:56.218259 35756 pubsub.cpp:402] recvMsgFromServer:after read,len is 12 errno is 0:Success
I1115 00:46:56.218283 35756 pubsub.cpp:411] 1234567890
I1115 00:46:56.218289 35756 pubsub.cpp:413] recv msgs:10
I1115 00:46:56.218297 35756 pubsub.cpp:400] recvMsgFromServer:before read,pubsub_msg_t size is 12
I1115 00:46:57.217614 35755 pubsub.cpp:334] write len is 12345
I1115 00:46:57.217649 35755 pubsub.cpp:339] HEATBEAT2CLENT:1
I1115 00:46:57.218539 35756 pubsub.cpp:402] recvMsgFromServer:after read,len is 12 errno is 0:Success
I1115 00:46:57.218571 35756 pubsub.cpp:411] 1234567890
I1115 00:46:57.218582 35756 pubsub.cpp:413] recv msgs:11
I1115 00:46:57.218596 35756 pubsub.cpp:400] recvMsgFromServer:before read,pubsub_msg_t size is 12
I1115 00:46:58.217731 35755 pubsub.cpp:334] write len is 12345
I1115 00:46:58.217785 35755 pubsub.cpp:339] HEATBEAT2CLENT:1
I1115 00:46:58.218612 35756 pubsub.cpp:402] recvMsgFromServer:after read,len is 12 errno is 0:Success
I1115 00:46:58.218647 35756 pubsub.cpp:411] 1234567890
I1115 00:46:58.218657 35756 pubsub.cpp:413] recv msgs:12
I1115 00:46:58.218672 35756 pubsub.cpp:400] recvMsgFromServer:before read,pubsub_msg_t size is 12
I1115 00:46:59.217974 35755 pubsub.cpp:334] write len is 12345
I1115 00:46:59.218035 35755 pubsub.cpp:339] HEATBEAT2CLENT:1
I1115 00:46:59.218972 35756 pubsub.cpp:402] recvMsgFromServer:after read,len is 12 errno is 0:Success
I1115 00:46:59.219007 35756 pubsub.cpp:411] 1234567890
I1115 00:46:59.219017 35756 pubsub.cpp:413] recv msgs:13
I1115 00:46:59.219030 35756 pubsub.cpp:400] recvMsgFromServer:before read,pubsub_msg_t size is 12
I1115 00:47:00.218111 35755 pubsub.cpp:334] write len is 12345
I1115 00:47:00.218169 35755 pubsub.cpp:339] HEATBEAT2CLENT:1
I1115 00:47:00.219055 35756 pubsub.cpp:402] recvMsgFromServer:after read,len is 12 errno is 0:Success
I1115 00:47:00.219084 35756 pubsub.cpp:411] 1234567890
I1115 00:47:00.219096 35756 pubsub.cpp:413] recv msgs:14
I1115 00:47:00.219113 35756 pubsub.cpp:400] recvMsgFromServer:before read,pubsub_msg_t size is 12
I1115 00:47:01.218073 35755 pubsub.cpp:334] write len is 12345
I1115 00:47:01.218132 35755 pubsub.cpp:339] HEATBEAT2CLENT:1
I1115 00:47:01.219328 35756 pubsub.cpp:402] recvMsgFromServer:after read,len is 12 errno is 0:Success
I1115 00:47:01.219390 35756 pubsub.cpp:411] 1234567890
I1115 00:47:01.219404 35756 pubsub.cpp:413] recv msgs:15
I1115 00:47:01.219417 35756 pubsub.cpp:400] recvMsgFromServer:before read,pubsub_msg_t size is 12
I1115 00:47:02.218302 35755 pubsub.cpp:334] write len is 12345
I1115 00:47:02.218360 35755 pubsub.cpp:339] HEATBEAT2CLENT:1
I1115 00:47:02.219276 35756 pubsub.cpp:402] recvMsgFromServer:after read,len is 12 errno is 0:Success
I1115 00:47:02.219310 35756 pubsub.cpp:411] 1234567890
I1115 00:47:02.219324 35756 pubsub.cpp:413] recv msgs:16
I1115 00:47:02.219346 35756 pubsub.cpp:400] recvMsgFromServer:before read,pubsub_msg_t size is 12
I1115 00:47:03.218576 35755 pubsub.cpp:334] write len is 12345
I1115 00:47:03.218639 35755 pubsub.cpp:339] HEATBEAT2CLENT:1
I1115 00:47:03.219640 35756 pubsub.cpp:402] recvMsgFromServer:after read,len is 12 errno is 0:Success
I1115 00:47:03.219671 35756 pubsub.cpp:411] 1234567890
I1115 00:47:03.219705 35756 pubsub.cpp:413] recv msgs:17
I1115 00:47:03.219722 35756 pubsub.cpp:400] recvMsgFromServer:before read,pubsub_msg_t size is 12
I1115 00:47:04.218379 35755 pubsub.cpp:334] write len is 12345
I1115 00:47:04.218415 35755 pubsub.cpp:339] HEATBEAT2CLENT:1
I1115 00:47:04.219059 35756 pubsub.cpp:402] recvMsgFromServer:after read,len is 12 errno is 0:Success
I1115 00:47:04.219079 35756 pubsub.cpp:411] 1234567890
I1115 00:47:04.219086 35756 pubsub.cpp:413] recv msgs:18
I1115 00:47:04.219094 35756 pubsub.cpp:400] recvMsgFromServer:before read,pubsub_msg_t size is 12
I1115 00:47:05.218538 35755 pubsub.cpp:334] write len is 12345
I1115 00:47:05.218569 35755 pubsub.cpp:339] HEATBEAT2CLENT:1
I1115 00:47:05.219360 35756 pubsub.cpp:402] recvMsgFromServer:after read,len is 12 errno is 0:Success
I1115 00:47:05.219382 35756 pubsub.cpp:411] 1234567890
I1115 00:47:05.219386 35756 pubsub.cpp:413] recv msgs:19
I1115 00:47:05.219393 35756 pubsub.cpp:400] recvMsgFromServer:before read,pubsub_msg_t size is 12
I1115 00:47:06.218858 35755 pubsub.cpp:334] write len is 12345
I1115 00:47:06.218909 35755 pubsub.cpp:339] HEATBEAT2CLENT:1
I1115 00:47:06.219835 35756 pubsub.cpp:402] recvMsgFromServer:after read,len is 12 errno is 0:Success
I1115 00:47:06.219869 35756 pubsub.cpp:411] 1234567890
I1115 00:47:06.219885 35756 pubsub.cpp:413] recv msgs:20
I1115 00:47:06.219907 35756 pubsub.cpp:400] recvMsgFromServer:before read,pubsub_msg_t size is 12
I1115 00:47:07.218952 35755 pubsub.cpp:334] write len is 12345
I1115 00:47:07.219004 35755 pubsub.cpp:339] HEATBEAT2CLENT:1
I1115 00:47:07.219920 35756 pubsub.cpp:402] recvMsgFromServer:after read,len is 12 errno is 0:Success
I1115 00:47:07.219950 35756 pubsub.cpp:411] 1234567890
I1115 00:47:07.219961 35756 pubsub.cpp:413] recv msgs:21
I1115 00:47:07.219976 35756 pubsub.cpp:400] recvMsgFromServer:before read,pubsub_msg_t size is 12
I1115 00:47:08.219059 35755 pubsub.cpp:334] write len is 12345
I1115 00:47:08.219126 35755 pubsub.cpp:339] HEATBEAT2CLENT:1
I1115 00:47:08.220062 35756 pubsub.cpp:402] recvMsgFromServer:after read,len is 12 errno is 0:Success
I1115 00:47:08.220093 35756 pubsub.cpp:411] 1234567890
I1115 00:47:08.220104 35756 pubsub.cpp:413] recv msgs:22
I1115 00:47:08.220118 35756 pubsub.cpp:400] recvMsgFromServer:before read,pubsub_msg_t size is 12
I1115 00:47:09.219141 35755 pubsub.cpp:334] write len is 12345
I1115 00:47:09.219202 35755 pubsub.cpp:339] HEATBEAT2CLENT:1
I1115 00:47:09.220083 35756 pubsub.cpp:402] recvMsgFromServer:after read,len is 12 errno is 0:Success
I1115 00:47:09.220118 35756 pubsub.cpp:411] 1234567890
I1115 00:47:09.220134 35756 pubsub.cpp:413] recv msgs:23
I1115 00:47:09.220155 35756 pubsub.cpp:400] recvMsgFromServer:before read,pubsub_msg_t size is 12
I1115 00:47:10.219245 35755 pubsub.cpp:334] write len is 12345
I1115 00:47:10.219303 35755 pubsub.cpp:339] HEATBEAT2CLENT:1
I1115 00:47:10.220245 35756 pubsub.cpp:402] recvMsgFromServer:after read,len is 12 errno is 0:Success
I1115 00:47:10.220271 35756 pubsub.cpp:411] 1234567890
I1115 00:47:10.220283 35756 pubsub.cpp:413] recv msgs:24
I1115 00:47:10.220295 35756 pubsub.cpp:400] recvMsgFromServer:before read,pubsub_msg_t size is 12
I1115 00:47:11.219313 35755 pubsub.cpp:334] write len is 12345
I1115 00:47:11.219486 35755 pubsub.cpp:339] HEATBEAT2CLENT:1
I1115 00:47:11.220039 35756 pubsub.cpp:402] recvMsgFromServer:after read,len is 12 errno is 0:Success
I1115 00:47:11.220062 35756 pubsub.cpp:411] 1234567890
I1115 00:47:11.220072 35756 pubsub.cpp:413] recv msgs:25
I1115 00:47:11.220085 35756 pubsub.cpp:400] recvMsgFromServer:before read,pubsub_msg_t size is 12
I1115 00:47:12.219630 35755 pubsub.cpp:334] write len is 12345
I1115 00:47:12.219679 35755 pubsub.cpp:339] HEATBEAT2CLENT:1
I1115 00:47:12.220521 35756 pubsub.cpp:402] recvMsgFromServer:after read,len is 12 errno is 0:Success
I1115 00:47:12.220552 35756 pubsub.cpp:411] 1234567890
I1115 00:47:12.220563 35756 pubsub.cpp:413] recv msgs:26
I1115 00:47:12.220578 35756 pubsub.cpp:400] recvMsgFromServer:before read,pubsub_msg_t size is 12
I1115 00:47:13.219521 35755 pubsub.cpp:334] write len is 12345
I1115 00:47:13.219573 35755 pubsub.cpp:339] HEATBEAT2CLENT:1
I1115 00:47:13.220388 35756 pubsub.cpp:402] recvMsgFromServer:after read,len is 12 errno is 0:Success
I1115 00:47:13.220414 35756 pubsub.cpp:411] 1234567890
I1115 00:47:13.220425 35756 pubsub.cpp:413] recv msgs:27
I1115 00:47:13.220438 35756 pubsub.cpp:400] recvMsgFromServer:before read,pubsub_msg_t size is 12
I1115 00:47:14.219628 35755 pubsub.cpp:334] write len is 12345
I1115 00:47:14.219679 35755 pubsub.cpp:339] HEATBEAT2CLENT:1
I1115 00:47:14.220588 35756 pubsub.cpp:402] recvMsgFromServer:after read,len is 12 errno is 0:Success
I1115 00:47:14.220613 35756 pubsub.cpp:411] 1234567890
I1115 00:47:14.220623 35756 pubsub.cpp:413] recv msgs:28
I1115 00:47:14.220636 35756 pubsub.cpp:400] recvMsgFromServer:before read,pubsub_msg_t size is 12
I1115 00:47:15.219848 35755 pubsub.cpp:334] write len is 12345
I1115 00:47:15.219885 35755 pubsub.cpp:339] HEATBEAT2CLENT:1
I1115 00:47:15.220655 35756 pubsub.cpp:402] recvMsgFromServer:after read,len is 12 errno is 0:Success
I1115 00:47:15.220679 35756 pubsub.cpp:411] 1234567890
I1115 00:47:15.220688 35756 pubsub.cpp:413] recv msgs:29
I1115 00:47:15.220700 35756 pubsub.cpp:400] recvMsgFromServer:before read,pubsub_msg_t size is 12
I1115 00:47:16.220050 35755 pubsub.cpp:334] write len is 12345
I1115 00:47:16.220108 35755 pubsub.cpp:339] HEATBEAT2CLENT:1
I1115 00:47:16.221072 35756 pubsub.cpp:402] recvMsgFromServer:after read,len is 12 errno is 0:Success
I1115 00:47:16.221101 35756 pubsub.cpp:411] 1234567890
I1115 00:47:16.221112 35756 pubsub.cpp:413] recv msgs:30
I1115 00:47:16.221128 35756 pubsub.cpp:400] recvMsgFromServer:before read,pubsub_msg_t size is 12
I1115 00:47:17.220177 35755 pubsub.cpp:334] write len is 12345
I1115 00:47:17.220232 35755 pubsub.cpp:339] HEATBEAT2CLENT:1
I1115 00:47:17.221132 35756 pubsub.cpp:402] recvMsgFromServer:after read,len is 12 errno is 0:Success
I1115 00:47:17.221166 35756 pubsub.cpp:411] 1234567890
I1115 00:47:17.221177 35756 pubsub.cpp:413] recv msgs:31
I1115 00:47:17.221190 35756 pubsub.cpp:400] recvMsgFromServer:before read,pubsub_msg_t size is 12
I1115 00:47:18.220299 35755 pubsub.cpp:334] write len is 12345
I1115 00:47:18.220363 35755 pubsub.cpp:339] HEATBEAT2CLENT:1
I1115 00:47:18.221293 35756 pubsub.cpp:402] recvMsgFromServer:after read,len is 12 errno is 0:Success
I1115 00:47:18.221323 35756 pubsub.cpp:411] 1234567890
I1115 00:47:18.221333 35756 pubsub.cpp:413] recv msgs:32
I1115 00:47:18.221346 35756 pubsub.cpp:400] recvMsgFromServer:before read,pubsub_msg_t size is 12
I1115 00:47:19.220439 35755 pubsub.cpp:334] write len is 12345
I1115 00:47:19.220487 35755 pubsub.cpp:339] HEATBEAT2CLENT:1
I1115 00:47:19.221467 35756 pubsub.cpp:402] recvMsgFromServer:after read,len is 12 errno is 0:Success
I1115 00:47:19.221503 35756 pubsub.cpp:411] 1234567890
I1115 00:47:19.221536 35756 pubsub.cpp:413] recv msgs:33
I1115 00:47:19.221551 35756 pubsub.cpp:400] recvMsgFromServer:before read,pubsub_msg_t size is 12
I1115 00:47:20.220649 35755 pubsub.cpp:334] write len is 12345
I1115 00:47:20.220688 35755 pubsub.cpp:339] HEATBEAT2CLENT:1
I1115 00:47:20.221566 35756 pubsub.cpp:402] recvMsgFromServer:after read,len is 12 errno is 0:Success
I1115 00:47:20.221593 35756 pubsub.cpp:411] 1234567890
I1115 00:47:20.221608 35756 pubsub.cpp:413] recv msgs:34
I1115 00:47:20.221630 35756 pubsub.cpp:400] recvMsgFromServer:before read,pubsub_msg_t size is 12
I1115 00:47:21.220932 35755 pubsub.cpp:334] write len is 12345
I1115 00:47:21.220988 35755 pubsub.cpp:339] HEATBEAT2CLENT:1
I1115 00:47:21.221913 35756 pubsub.cpp:402] recvMsgFromServer:after read,len is 12 errno is 0:Success
I1115 00:47:21.221947 35756 pubsub.cpp:411] 1234567890
I1115 00:47:21.221958 35756 pubsub.cpp:413] recv msgs:35
I1115 00:47:21.221972 35756 pubsub.cpp:400] recvMsgFromServer:before read,pubsub_msg_t size is 12
I1115 00:47:22.221031 35755 pubsub.cpp:334] write len is 12345
I1115 00:47:22.221091 35755 pubsub.cpp:339] HEATBEAT2CLENT:1
I1115 00:47:22.222002 35756 pubsub.cpp:402] recvMsgFromServer:after read,len is 12 errno is 0:Success
I1115 00:47:22.222048 35756 pubsub.cpp:411] 1234567890
I1115 00:47:22.222060 35756 pubsub.cpp:413] recv msgs:36
I1115 00:47:22.222074 35756 pubsub.cpp:400] recvMsgFromServer:before read,pubsub_msg_t size is 12
I1115 00:47:23.221108 35755 pubsub.cpp:334] write len is 12345
I1115 00:47:23.221170 35755 pubsub.cpp:339] HEATBEAT2CLENT:1
I1115 00:47:23.222008 35756 pubsub.cpp:402] recvMsgFromServer:after read,len is 12 errno is 0:Success
I1115 00:47:23.222038 35756 pubsub.cpp:411] 1234567890
I1115 00:47:23.222048 35756 pubsub.cpp:413] recv msgs:37
I1115 00:47:23.222060 35756 pubsub.cpp:400] recvMsgFromServer:before read,pubsub_msg_t size is 12
I1115 00:47:24.221079 35755 pubsub.cpp:334] write len is 12345
I1115 00:47:24.221122 35755 pubsub.cpp:339] HEATBEAT2CLENT:1
I1115 00:47:24.222092 35756 pubsub.cpp:402] recvMsgFromServer:after read,len is 12 errno is 0:Success
I1115 00:47:24.222126 35756 pubsub.cpp:411] 1234567890
I1115 00:47:24.222137 35756 pubsub.cpp:413] recv msgs:38
I1115 00:47:24.222151 35756 pubsub.cpp:400] recvMsgFromServer:before read,pubsub_msg_t size is 12
I1115 00:47:25.221184 35755 pubsub.cpp:334] write len is 12345
I1115 00:47:25.221238 35755 pubsub.cpp:339] HEATBEAT2CLENT:1
I1115 00:47:25.222160 35756 pubsub.cpp:402] recvMsgFromServer:after read,len is 12 errno is 0:Success
I1115 00:47:25.222193 35756 pubsub.cpp:411] 1234567890
I1115 00:47:25.222203 35756 pubsub.cpp:413] recv msgs:39
I1115 00:47:25.222215 35756 pubsub.cpp:400] recvMsgFromServer:before read,pubsub_msg_t size is 12
I1115 00:47:26.221284 35755 pubsub.cpp:334] write len is 12345
I1115 00:47:26.221335 35755 pubsub.cpp:339] HEATBEAT2CLENT:1
I1115 00:47:26.222332 35756 pubsub.cpp:402] recvMsgFromServer:after read,len is 12 errno is 0:Success
I1115 00:47:26.222365 35756 pubsub.cpp:411] 1234567890
I1115 00:47:26.222376 35756 pubsub.cpp:413] recv msgs:40
I1115 00:47:26.222389 35756 pubsub.cpp:400] recvMsgFromServer:before read,pubsub_msg_t size is 12
I1115 00:47:27.221370 35755 pubsub.cpp:334] write len is 12345
I1115 00:47:27.221417 35755 pubsub.cpp:339] HEATBEAT2CLENT:1
I1115 00:47:27.222198 35756 pubsub.cpp:402] recvMsgFromServer:after read,len is 12 errno is 0:Success
I1115 00:47:27.222220 35756 pubsub.cpp:411] 1234567890
I1115 00:47:27.222227 35756 pubsub.cpp:413] recv msgs:41
I1115 00:47:27.222235 35756 pubsub.cpp:400] recvMsgFromServer:before read,pubsub_msg_t size is 12
I1115 00:47:28.221711 35755 pubsub.cpp:334] write len is 12345
I1115 00:47:28.221769 35755 pubsub.cpp:339] HEATBEAT2CLENT:1
I1115 00:47:28.222683 35756 pubsub.cpp:402] recvMsgFromServer:after read,len is 12 errno is 0:Success
I1115 00:47:28.222715 35756 pubsub.cpp:411] 1234567890
I1115 00:47:28.222729 35756 pubsub.cpp:413] recv msgs:42
I1115 00:47:28.222748 35756 pubsub.cpp:400] recvMsgFromServer:before read,pubsub_msg_t size is 12
I1115 00:47:29.221930 35755 pubsub.cpp:334] write len is 12345
I1115 00:47:29.221994 35755 pubsub.cpp:339] HEATBEAT2CLENT:1
I1115 00:47:29.222975 35756 pubsub.cpp:402] recvMsgFromServer:after read,len is 12 errno is 0:Success
I1115 00:47:29.223006 35756 pubsub.cpp:411] 1234567890
I1115 00:47:29.223016 35756 pubsub.cpp:413] recv msgs:43
I1115 00:47:29.223029 35756 pubsub.cpp:400] recvMsgFromServer:before read,pubsub_msg_t size is 12
I1115 00:47:30.222028 35755 pubsub.cpp:334] write len is 12345
I1115 00:47:30.222095 35755 pubsub.cpp:339] HEATBEAT2CLENT:1
I1115 00:47:30.222908 35756 pubsub.cpp:402] recvMsgFromServer:after read,len is 12 errno is 0:Success
I1115 00:47:30.222941 35756 pubsub.cpp:411] 1234567890
I1115 00:47:30.222959 35756 pubsub.cpp:413] recv msgs:44
I1115 00:47:30.222993 35756 pubsub.cpp:400] recvMsgFromServer:before read,pubsub_msg_t size is 12
I1115 00:47:31.222285 35755 pubsub.cpp:334] write len is 12345
I1115 00:47:31.222355 35755 pubsub.cpp:339] HEATBEAT2CLENT:1
I1115 00:47:31.223250 35756 pubsub.cpp:402] recvMsgFromServer:after read,len is 12 errno is 0:Success
I1115 00:47:31.223289 35756 pubsub.cpp:411] 1234567890
I1115 00:47:31.223306 35756 pubsub.cpp:413] recv msgs:45
I1115 00:47:31.223341 35756 pubsub.cpp:400] recvMsgFromServer:before read,pubsub_msg_t size is 12
I1115 00:47:32.222455 35755 pubsub.cpp:334] write len is 12345
I1115 00:47:32.222522 35755 pubsub.cpp:339] HEATBEAT2CLENT:1
I1115 00:47:32.223655 35756 pubsub.cpp:402] recvMsgFromServer:after read,len is 12 errno is 0:Success
I1115 00:47:32.223693 35756 pubsub.cpp:411] 1234567890
I1115 00:47:32.223711 35756 pubsub.cpp:413] recv msgs:46
I1115 00:47:32.223729 35756 pubsub.cpp:400] recvMsgFromServer:before read,pubsub_msg_t size is 12
I1115 00:47:33.222388 35755 pubsub.cpp:334] write len is 12345
I1115 00:47:33.222465 35755 pubsub.cpp:339] HEATBEAT2CLENT:1
I1115 00:47:33.223299 35756 pubsub.cpp:402] recvMsgFromServer:after read,len is 12 errno is 0:Success
I1115 00:47:33.223336 35756 pubsub.cpp:411] 1234567890
I1115 00:47:33.223352 35756 pubsub.cpp:413] recv msgs:47
I1115 00:47:33.223371 35756 pubsub.cpp:400] recvMsgFromServer:before read,pubsub_msg_t size is 12
I1115 00:47:34.222445 35755 pubsub.cpp:334] write len is 12345
I1115 00:47:34.222491 35755 pubsub.cpp:339] HEATBEAT2CLENT:1
I1115 00:47:34.223347 35756 pubsub.cpp:402] recvMsgFromServer:after read,len is 12 errno is 0:Success
I1115 00:47:34.223376 35756 pubsub.cpp:411] 1234567890
I1115 00:47:34.223387 35756 pubsub.cpp:413] recv msgs:48
I1115 00:47:34.223402 35756 pubsub.cpp:400] recvMsgFromServer:before read,pubsub_msg_t size is 12
I1115 00:47:35.222661 35755 pubsub.cpp:334] write len is 12345
I1115 00:47:35.222728 35755 pubsub.cpp:339] HEATBEAT2CLENT:1
I1115 00:47:35.223619 35756 pubsub.cpp:402] recvMsgFromServer:after read,len is 12 errno is 0:Success
I1115 00:47:35.223656 35756 pubsub.cpp:411] 1234567890
I1115 00:47:35.223675 35756 pubsub.cpp:413] recv msgs:49
I1115 00:47:35.223692 35756 pubsub.cpp:400] recvMsgFromServer:before read,pubsub_msg_t size is 12
I1115 00:47:36.222653 35755 pubsub.cpp:334] write len is 12345
I1115 00:47:36.222709 35755 pubsub.cpp:339] HEATBEAT2CLENT:1
I1115 00:47:36.223307 35756 pubsub.cpp:402] recvMsgFromServer:after read,len is 12 errno is 0:Success
I1115 00:47:36.223330 35756 pubsub.cpp:411] 1234567890
I1115 00:47:36.223341 35756 pubsub.cpp:413] recv msgs:50
I1115 00:47:36.223357 35756 pubsub.cpp:400] recvMsgFromServer:before read,pubsub_msg_t size is 12
I1115 00:47:37.222851 35755 pubsub.cpp:334] write len is 12345
I1115 00:47:37.222898 35755 pubsub.cpp:339] HEATBEAT2CLENT:1
I1115 00:47:37.223641 35756 pubsub.cpp:402] recvMsgFromServer:after read,len is 12 errno is 0:Success
I1115 00:47:37.223677 35756 pubsub.cpp:411] 1234567890
I1115 00:47:37.223695 35756 pubsub.cpp:413] recv msgs:51
I1115 00:47:37.223713 35756 pubsub.cpp:400] recvMsgFromServer:before read,pubsub_msg_t size is 12
I1115 00:47:38.223033 35755 pubsub.cpp:334] write len is 12345
I1115 00:47:38.223100 35755 pubsub.cpp:339] HEATBEAT2CLENT:1
I1115 00:47:38.223861 35756 pubsub.cpp:402] recvMsgFromServer:after read,len is 12 errno is 0:Success
I1115 00:47:38.223898 35756 pubsub.cpp:411] 1234567890
I1115 00:47:38.223915 35756 pubsub.cpp:413] recv msgs:52
I1115 00:47:38.223934 35756 pubsub.cpp:400] recvMsgFromServer:before read,pubsub_msg_t size is 12
I1115 00:47:39.223073 35755 pubsub.cpp:334] write len is 12345
I1115 00:47:39.223126 35755 pubsub.cpp:339] HEATBEAT2CLENT:1
I1115 00:47:39.223970 35756 pubsub.cpp:402] recvMsgFromServer:after read,len is 12 errno is 0:Success
I1115 00:47:39.224011 35756 pubsub.cpp:411] 1234567890
I1115 00:47:39.224030 35756 pubsub.cpp:413] recv msgs:53
I1115 00:47:39.224052 35756 pubsub.cpp:400] recvMsgFromServer:before read,pubsub_msg_t size is 12
I1115 00:47:40.223186 35755 pubsub.cpp:334] write len is 12345
I1115 00:47:40.223238 35755 pubsub.cpp:339] HEATBEAT2CLENT:1
I1115 00:47:40.224052 35756 pubsub.cpp:402] recvMsgFromServer:after read,len is 12 errno is 0:Success
I1115 00:47:40.224093 35756 pubsub.cpp:411] 1234567890
I1115 00:47:40.224112 35756 pubsub.cpp:413] recv msgs:54
I1115 00:47:40.224138 35756 pubsub.cpp:400] recvMsgFromServer:before read,pubsub_msg_t size is 12
I1115 00:47:41.223194 35755 pubsub.cpp:334] write len is 12345
I1115 00:47:41.223249 35755 pubsub.cpp:339] HEATBEAT2CLENT:1
I1115 00:47:41.224215 35756 pubsub.cpp:402] recvMsgFromServer:after read,len is 12 errno is 0:Success
I1115 00:47:41.224257 35756 pubsub.cpp:411] 1234567890
I1115 00:47:41.224275 35756 pubsub.cpp:413] recv msgs:55
I1115 00:47:41.224293 35756 pubsub.cpp:400] recvMsgFromServer:before read,pubsub_msg_t size is 12
I1115 00:47:42.223345 35755 pubsub.cpp:334] write len is 12345
I1115 00:47:42.223402 35755 pubsub.cpp:339] HEATBEAT2CLENT:1
I1115 00:47:42.224289 35756 pubsub.cpp:402] recvMsgFromServer:after read,len is 12 errno is 0:Success
I1115 00:47:42.224333 35756 pubsub.cpp:411] 1234567890
I1115 00:47:42.224350 35756 pubsub.cpp:413] recv msgs:56
I1115 00:47:42.224368 35756 pubsub.cpp:400] recvMsgFromServer:before read,pubsub_msg_t size is 12
I1115 00:47:43.223413 35755 pubsub.cpp:334] write len is 12345
I1115 00:47:43.223474 35755 pubsub.cpp:339] HEATBEAT2CLENT:1
I1115 00:47:43.224638 35756 pubsub.cpp:402] recvMsgFromServer:after read,len is 12 errno is 0:Success
I1115 00:47:43.224684 35756 pubsub.cpp:411] 1234567890
I1115 00:47:43.224704 35756 pubsub.cpp:413] recv msgs:57
I1115 00:47:43.224720 35756 pubsub.cpp:400] recvMsgFromServer:before read,pubsub_msg_t size is 12
I1115 00:47:44.223551 35755 pubsub.cpp:334] write len is 12345
I1115 00:47:44.223608 35755 pubsub.cpp:339] HEATBEAT2CLENT:1
I1115 00:47:44.224395 35756 pubsub.cpp:402] recvMsgFromServer:after read,len is 12 errno is 0:Success
I1115 00:47:44.224423 35756 pubsub.cpp:411] 1234567890
I1115 00:47:44.224440 35756 pubsub.cpp:413] recv msgs:58
I1115 00:47:44.224452 35756 pubsub.cpp:400] recvMsgFromServer:before read,pubsub_msg_t size is 12
I1115 00:47:45.223608 35755 pubsub.cpp:334] write len is 12345
I1115 00:47:45.223660 35755 pubsub.cpp:339] HEATBEAT2CLENT:1
I1115 00:47:45.224489 35756 pubsub.cpp:402] recvMsgFromServer:after read,len is 12 errno is 0:Success
I1115 00:47:45.224527 35756 pubsub.cpp:411] 1234567890
I1115 00:47:45.224545 35756 pubsub.cpp:413] recv msgs:59
I1115 00:47:45.224565 35756 pubsub.cpp:400] recvMsgFromServer:before read,pubsub_msg_t size is 12
I1115 00:47:46.223717 35755 pubsub.cpp:334] write len is 12345
I1115 00:47:46.223773 35755 pubsub.cpp:339] HEATBEAT2CLENT:1
I1115 00:47:46.224650 35756 pubsub.cpp:402] recvMsgFromServer:after read,len is 12 errno is 0:Success
I1115 00:47:46.224695 35756 pubsub.cpp:411] 1234567890
I1115 00:47:46.224716 35756 pubsub.cpp:413] recv msgs:60
I1115 00:47:46.224738 35756 pubsub.cpp:400] recvMsgFromServer:before read,pubsub_msg_t size is 12
I1115 00:47:47.224051 35755 pubsub.cpp:334] write len is 12345
I1115 00:47:47.224107 35755 pubsub.cpp:339] HEATBEAT2CLENT:1
I1115 00:47:47.224949 35756 pubsub.cpp:402] recvMsgFromServer:after read,len is 12 errno is 0:Success
I1115 00:47:47.224992 35756 pubsub.cpp:411] 1234567890
I1115 00:47:47.225008 35756 pubsub.cpp:413] recv msgs:61
I1115 00:47:47.225028 35756 pubsub.cpp:400] recvMsgFromServer:before read,pubsub_msg_t size is 12
I1115 00:47:48.224036 35755 pubsub.cpp:334] write len is 12345
I1115 00:47:48.224094 35755 pubsub.cpp:339] HEATBEAT2CLENT:1
I1115 00:47:48.224925 35756 pubsub.cpp:402] recvMsgFromServer:after read,len is 12 errno is 0:Success
I1115 00:47:48.224970 35756 pubsub.cpp:411] 1234567890
I1115 00:47:48.224987 35756 pubsub.cpp:413] recv msgs:62
I1115 00:47:48.225006 35756 pubsub.cpp:400] recvMsgFromServer:before read,pubsub_msg_t size is 12
I1115 00:47:49.224119 35755 pubsub.cpp:334] write len is 12345
I1115 00:47:49.224167 35755 pubsub.cpp:339] HEATBEAT2CLENT:1
I1115 00:47:49.225227 35756 pubsub.cpp:402] recvMsgFromServer:after read,len is 12 errno is 0:Success
I1115 00:47:49.225270 35756 pubsub.cpp:411] 1234567890
I1115 00:47:49.225288 35756 pubsub.cpp:413] recv msgs:63
I1115 00:47:49.225309 35756 pubsub.cpp:400] recvMsgFromServer:before read,pubsub_msg_t size is 12
I1115 00:47:50.224244 35755 pubsub.cpp:334] write len is 12345
I1115 00:47:50.224298 35755 pubsub.cpp:339] HEATBEAT2CLENT:1
I1115 00:47:50.225311 35756 pubsub.cpp:402] recvMsgFromServer:after read,len is 12 errno is 0:Success
I1115 00:47:50.225354 35756 pubsub.cpp:411] 1234567890
I1115 00:47:50.225387 35756 pubsub.cpp:413] recv msgs:64
I1115 00:47:50.225402 35756 pubsub.cpp:400] recvMsgFromServer:before read,pubsub_msg_t size is 12
I1115 00:47:51.224337 35755 pubsub.cpp:334] write len is 12345
I1115 00:47:51.224396 35755 pubsub.cpp:339] HEATBEAT2CLENT:1
I1115 00:47:51.225317 35756 pubsub.cpp:402] recvMsgFromServer:after read,len is 12 errno is 0:Success
I1115 00:47:51.225363 35756 pubsub.cpp:411] 1234567890
I1115 00:47:51.225426 35756 pubsub.cpp:413] recv msgs:65
I1115 00:47:51.225445 35756 pubsub.cpp:400] recvMsgFromServer:before read,pubsub_msg_t size is 12
I1115 00:47:52.224511 35755 pubsub.cpp:334] write len is 12345
I1115 00:47:52.224566 35755 pubsub.cpp:339] HEATBEAT2CLENT:1
I1115 00:47:52.225445 35756 pubsub.cpp:402] recvMsgFromServer:after read,len is 12 errno is 0:Success
I1115 00:47:52.225489 35756 pubsub.cpp:411] 1234567890
I1115 00:47:52.225507 35756 pubsub.cpp:413] recv msgs:66
I1115 00:47:52.225520 35756 pubsub.cpp:400] recvMsgFromServer:before read,pubsub_msg_t size is 12
I1115 00:47:53.224570 35755 pubsub.cpp:334] write len is 12345
I1115 00:47:53.224622 35755 pubsub.cpp:339] HEATBEAT2CLENT:1
I1115 00:47:53.225585 35756 pubsub.cpp:402] recvMsgFromServer:after read,len is 12 errno is 0:Success
I1115 00:47:53.225626 35756 pubsub.cpp:411] 1234567890
I1115 00:47:53.225646 35756 pubsub.cpp:413] recv msgs:67
I1115 00:47:53.225682 35756 pubsub.cpp:400] recvMsgFromServer:before read,pubsub_msg_t size is 12
I1115 00:47:54.224663 35755 pubsub.cpp:334] write len is 12345
I1115 00:47:54.224700 35755 pubsub.cpp:339] HEATBEAT2CLENT:1
I1115 00:47:54.225658 35756 pubsub.cpp:402] recvMsgFromServer:after read,len is 12 errno is 0:Success
I1115 00:47:54.225700 35756 pubsub.cpp:411] 1234567890
I1115 00:47:54.225718 35756 pubsub.cpp:413] recv msgs:68
I1115 00:47:54.225730 35756 pubsub.cpp:400] recvMsgFromServer:before read,pubsub_msg_t size is 12
I1115 00:47:55.224779 35755 pubsub.cpp:334] write len is 12345
I1115 00:47:55.224818 35755 pubsub.cpp:339] HEATBEAT2CLENT:1
I1115 00:47:55.225857 35756 pubsub.cpp:402] recvMsgFromServer:after read,len is 12 errno is 0:Success
I1115 00:47:55.225893 35756 pubsub.cpp:411] 1234567890
I1115 00:47:55.225931 35756 pubsub.cpp:413] recv msgs:69
I1115 00:47:55.225951 35756 pubsub.cpp:400] recvMsgFromServer:before read,pubsub_msg_t size is 12
I1115 00:47:56.224871 35755 pubsub.cpp:334] write len is 12345
I1115 00:47:56.224907 35755 pubsub.cpp:339] HEATBEAT2CLENT:1
I1115 00:47:56.225759 35756 pubsub.cpp:402] recvMsgFromServer:after read,len is 12 errno is 0:Success
I1115 00:47:56.225797 35756 pubsub.cpp:411] 1234567890
I1115 00:47:56.225813 35756 pubsub.cpp:413] recv msgs:70
I1115 00:47:56.225829 35756 pubsub.cpp:400] recvMsgFromServer:before read,pubsub_msg_t size is 12
I1115 00:47:57.224979 35755 pubsub.cpp:334] write len is 12345
I1115 00:47:57.225018 35755 pubsub.cpp:339] HEATBEAT2CLENT:1
I1115 00:47:57.225754 35756 pubsub.cpp:402] recvMsgFromServer:after read,len is 12 errno is 0:Success
I1115 00:47:57.225780 35756 pubsub.cpp:411] 1234567890
I1115 00:47:57.225790 35756 pubsub.cpp:413] recv msgs:71
I1115 00:47:57.225797 35756 pubsub.cpp:400] recvMsgFromServer:before read,pubsub_msg_t size is 12
I1115 00:47:58.225136 35755 pubsub.cpp:334] write len is 12345
I1115 00:47:58.225193 35755 pubsub.cpp:339] HEATBEAT2CLENT:1
I1115 00:47:58.226088 35756 pubsub.cpp:402] recvMsgFromServer:after read,len is 12 errno is 0:Success
I1115 00:47:58.226128 35756 pubsub.cpp:411] 1234567890
I1115 00:47:58.226145 35756 pubsub.cpp:413] recv msgs:72
I1115 00:47:58.226163 35756 pubsub.cpp:400] recvMsgFromServer:before read,pubsub_msg_t size is 12
I1115 00:47:59.225289 35755 pubsub.cpp:334] write len is 12345
I1115 00:47:59.225348 35755 pubsub.cpp:339] HEATBEAT2CLENT:1
I1115 00:47:59.226075 35756 pubsub.cpp:402] recvMsgFromServer:after read,len is 12 errno is 0:Success
I1115 00:47:59.226097 35756 pubsub.cpp:411] 1234567890
I1115 00:47:59.226107 35756 pubsub.cpp:413] recv msgs:73
I1115 00:47:59.226121 35756 pubsub.cpp:400] recvMsgFromServer:before read,pubsub_msg_t size is 12
I1115 00:48:00.225463 35755 pubsub.cpp:334] write len is 12345
I1115 00:48:00.225514 35755 pubsub.cpp:339] HEATBEAT2CLENT:1
I1115 00:48:00.226431 35756 pubsub.cpp:402] recvMsgFromServer:after read,len is 12 errno is 0:Success
I1115 00:48:00.226465 35756 pubsub.cpp:411] 1234567890
I1115 00:48:00.226475 35756 pubsub.cpp:413] recv msgs:74
I1115 00:48:00.226490 35756 pubsub.cpp:400] recvMsgFromServer:before read,pubsub_msg_t size is 12
I1115 00:48:01.225628 35755 pubsub.cpp:334] write len is 12345
I1115 00:48:01.225675 35755 pubsub.cpp:339] HEATBEAT2CLENT:1
I1115 00:48:01.227960 35756 pubsub.cpp:402] recvMsgFromServer:after read,len is 12 errno is 0:Success
I1115 00:48:01.227996 35756 pubsub.cpp:411] 1234567890
I1115 00:48:01.228008 35756 pubsub.cpp:413] recv msgs:75
I1115 00:48:01.228034 35756 pubsub.cpp:400] recvMsgFromServer:before read,pubsub_msg_t size is 12
I1115 00:48:02.225680 35755 pubsub.cpp:334] write len is 12345
I1115 00:48:02.225730 35755 pubsub.cpp:339] HEATBEAT2CLENT:1
I1115 00:48:02.226570 35756 pubsub.cpp:402] recvMsgFromServer:after read,len is 12 errno is 0:Success
I1115 00:48:02.226604 35756 pubsub.cpp:411] 1234567890
I1115 00:48:02.226614 35756 pubsub.cpp:413] recv msgs:76
I1115 00:48:02.226625 35756 pubsub.cpp:400] recvMsgFromServer:before read,pubsub_msg_t size is 12
I1115 00:48:03.225778 35755 pubsub.cpp:334] write len is 12345
I1115 00:48:03.225819 35755 pubsub.cpp:339] HEATBEAT2CLENT:1
I1115 00:48:03.226589 35756 pubsub.cpp:402] recvMsgFromServer:after read,len is 12 errno is 0:Success
I1115 00:48:03.226625 35756 pubsub.cpp:411] 1234567890
I1115 00:48:03.226639 35756 pubsub.cpp:413] recv msgs:77
I1115 00:48:03.226653 35756 pubsub.cpp:400] recvMsgFromServer:before read,pubsub_msg_t size is 12
I1115 00:48:04.225713 35755 pubsub.cpp:334] write len is 12345
I1115 00:48:04.225760 35755 pubsub.cpp:339] HEATBEAT2CLENT:1
I1115 00:48:04.226706 35756 pubsub.cpp:402] recvMsgFromServer:after read,len is 12 errno is 0:Success
I1115 00:48:04.226735 35756 pubsub.cpp:411] 1234567890
I1115 00:48:04.226781 35756 pubsub.cpp:413] recv msgs:78
I1115 00:48:04.226791 35756 pubsub.cpp:400] recvMsgFromServer:before read,pubsub_msg_t size is 12
I1115 00:48:05.225785 35755 pubsub.cpp:334] write len is 12345
I1115 00:48:05.225831 35755 pubsub.cpp:339] HEATBEAT2CLENT:1
I1115 00:48:05.226667 35756 pubsub.cpp:402] recvMsgFromServer:after read,len is 12 errno is 0:Success
I1115 00:48:05.226688 35756 pubsub.cpp:411] 1234567890
I1115 00:48:05.226696 35756 pubsub.cpp:413] recv msgs:79
I1115 00:48:05.226708 35756 pubsub.cpp:400] recvMsgFromServer:before read,pubsub_msg_t size is 12
I1115 00:48:06.230329 35755 pubsub.cpp:334] write len is 12345
I1115 00:48:06.231227 35755 pubsub.cpp:339] HEATBEAT2CLENT:1
I1115 00:48:06.237650 35756 pubsub.cpp:402] recvMsgFromServer:after read,len is 12 errno is 0:Success
I1115 00:48:06.238226 35756 pubsub.cpp:411] 1234567890
I1115 00:48:06.238384 35756 pubsub.cpp:413] recv msgs:80
I1115 00:48:06.238498 35756 pubsub.cpp:400] recvMsgFromServer:before read,pubsub_msg_t size is 12
I1115 00:48:07.226263 35755 pubsub.cpp:334] write len is 12345
I1115 00:48:07.226326 35755 pubsub.cpp:339] HEATBEAT2CLENT:1
I1115 00:48:07.227313 35756 pubsub.cpp:402] recvMsgFromServer:after read,len is 12 errno is 0:Success
I1115 00:48:07.227349 35756 pubsub.cpp:411] 1234567890
I1115 00:48:07.227360 35756 pubsub.cpp:413] recv msgs:81
I1115 00:48:07.227375 35756 pubsub.cpp:400] recvMsgFromServer:before read,pubsub_msg_t size is 12
I1115 00:48:08.226361 35755 pubsub.cpp:334] write len is 12345
I1115 00:48:08.226430 35755 pubsub.cpp:339] HEATBEAT2CLENT:1
I1115 00:48:08.227589 35756 pubsub.cpp:402] recvMsgFromServer:after read,len is 12 errno is 0:Success
I1115 00:48:08.227636 35756 pubsub.cpp:411] 1234567890
I1115 00:48:08.227653 35756 pubsub.cpp:413] recv msgs:82
I1115 00:48:08.227675 35756 pubsub.cpp:400] recvMsgFromServer:before read,pubsub_msg_t size is 12
I1115 00:48:09.226434 35755 pubsub.cpp:334] write len is 12345
I1115 00:48:09.226483 35755 pubsub.cpp:339] HEATBEAT2CLENT:1
I1115 00:48:09.227437 35756 pubsub.cpp:402] recvMsgFromServer:after read,len is 12 errno is 0:Success
I1115 00:48:09.227483 35756 pubsub.cpp:411] 1234567890
I1115 00:48:09.227493 35756 pubsub.cpp:413] recv msgs:83
I1115 00:48:09.227509 35756 pubsub.cpp:400] recvMsgFromServer:before read,pubsub_msg_t size is 12
I1115 00:48:10.226531 35755 pubsub.cpp:334] write len is 12345
I1115 00:48:10.226580 35755 pubsub.cpp:339] HEATBEAT2CLENT:1
I1115 00:48:10.227630 35756 pubsub.cpp:402] recvMsgFromServer:after read,len is 12 errno is 0:Success
I1115 00:48:10.227663 35756 pubsub.cpp:411] 1234567890
I1115 00:48:10.227674 35756 pubsub.cpp:413] recv msgs:84
I1115 00:48:10.227687 35756 pubsub.cpp:400] recvMsgFromServer:before read,pubsub_msg_t size is 12
I1115 00:48:11.226634 35755 pubsub.cpp:334] write len is 12345
I1115 00:48:11.226685 35755 pubsub.cpp:339] HEATBEAT2CLENT:1
I1115 00:48:11.227743 35756 pubsub.cpp:402] recvMsgFromServer:after read,len is 12 errno is 0:Success
I1115 00:48:11.227780 35756 pubsub.cpp:411] 1234567890
I1115 00:48:11.227797 35756 pubsub.cpp:413] recv msgs:85
I1115 00:48:11.227811 35756 pubsub.cpp:400] recvMsgFromServer:before read,pubsub_msg_t size is 12
I1115 00:48:12.226778 35755 pubsub.cpp:334] write len is 12345
I1115 00:48:12.226832 35755 pubsub.cpp:339] HEATBEAT2CLENT:1
I1115 00:48:12.227596 35756 pubsub.cpp:402] recvMsgFromServer:after read,len is 12 errno is 0:Success
I1115 00:48:12.227617 35756 pubsub.cpp:411] 1234567890
I1115 00:48:12.227622 35756 pubsub.cpp:413] recv msgs:86
I1115 00:48:12.227628 35756 pubsub.cpp:400] recvMsgFromServer:before read,pubsub_msg_t size is 12
I1115 00:48:13.226830 35755 pubsub.cpp:334] write len is 12345
I1115 00:48:13.226869 35755 pubsub.cpp:339] HEATBEAT2CLENT:1
I1115 00:48:13.227540 35756 pubsub.cpp:402] recvMsgFromServer:after read,len is 12 errno is 0:Success
I1115 00:48:13.227562 35756 pubsub.cpp:411] 1234567890
I1115 00:48:13.227571 35756 pubsub.cpp:413] recv msgs:87
I1115 00:48:13.227583 35756 pubsub.cpp:400] recvMsgFromServer:before read,pubsub_msg_t size is 12
I1115 00:48:14.226961 35755 pubsub.cpp:334] write len is 12345
I1115 00:48:14.227010 35755 pubsub.cpp:339] HEATBEAT2CLENT:1
I1115 00:48:14.227874 35756 pubsub.cpp:402] recvMsgFromServer:after read,len is 12 errno is 0:Success
I1115 00:48:14.227895 35756 pubsub.cpp:411] 1234567890
I1115 00:48:14.227905 35756 pubsub.cpp:413] recv msgs:88
I1115 00:48:14.227917 35756 pubsub.cpp:400] recvMsgFromServer:before read,pubsub_msg_t size is 12
I1115 00:48:15.227190 35755 pubsub.cpp:334] write len is 12345
I1115 00:48:15.227241 35755 pubsub.cpp:339] HEATBEAT2CLENT:1
I1115 00:48:15.228004 35756 pubsub.cpp:402] recvMsgFromServer:after read,len is 12 errno is 0:Success
I1115 00:48:15.228036 35756 pubsub.cpp:411] 1234567890
I1115 00:48:15.228051 35756 pubsub.cpp:413] recv msgs:89
I1115 00:48:15.228070 35756 pubsub.cpp:400] recvMsgFromServer:before read,pubsub_msg_t size is 12
I1115 00:48:16.227319 35755 pubsub.cpp:334] write len is 12345
I1115 00:48:16.227376 35755 pubsub.cpp:339] HEATBEAT2CLENT:1
I1115 00:48:16.228121 35756 pubsub.cpp:402] recvMsgFromServer:after read,len is 12 errno is 0:Success
I1115 00:48:16.228157 35756 pubsub.cpp:411] 1234567890
I1115 00:48:16.228170 35756 pubsub.cpp:413] recv msgs:90
I1115 00:48:16.228189 35756 pubsub.cpp:400] recvMsgFromServer:before read,pubsub_msg_t size is 12
I1115 00:48:17.227470 35755 pubsub.cpp:334] write len is 12345
I1115 00:48:17.227526 35755 pubsub.cpp:339] HEATBEAT2CLENT:1
I1115 00:48:17.228363 35756 pubsub.cpp:402] recvMsgFromServer:after read,len is 12 errno is 0:Success
I1115 00:48:17.228399 35756 pubsub.cpp:411] 1234567890
I1115 00:48:17.228413 35756 pubsub.cpp:413] recv msgs:91
I1115 00:48:17.228432 35756 pubsub.cpp:400] recvMsgFromServer:before read,pubsub_msg_t size is 12
I1115 00:48:18.227573 35755 pubsub.cpp:334] write len is 12345
I1115 00:48:18.227633 35755 pubsub.cpp:339] HEATBEAT2CLENT:1
I1115 00:48:18.228519 35756 pubsub.cpp:402] recvMsgFromServer:after read,len is 12 errno is 0:Success
I1115 00:48:18.228555 35756 pubsub.cpp:411] 1234567890
I1115 00:48:18.228579 35756 pubsub.cpp:413] recv msgs:92
I1115 00:48:18.228612 35756 pubsub.cpp:400] recvMsgFromServer:before read,pubsub_msg_t size is 12
I1115 00:48:19.227617 35755 pubsub.cpp:334] write len is 12345
I1115 00:48:19.228662 35755 pubsub.cpp:339] HEATBEAT2CLENT:1
I1115 00:48:19.230007 35756 pubsub.cpp:402] recvMsgFromServer:after read,len is 12 errno is 0:Success
I1115 00:48:19.230079 35756 pubsub.cpp:411] 1234567890
I1115 00:48:19.230094 35756 pubsub.cpp:413] recv msgs:93
I1115 00:48:19.230109 35756 pubsub.cpp:400] recvMsgFromServer:before read,pubsub_msg_t size is 12
I1115 00:48:20.227643 35755 pubsub.cpp:334] write len is 12345
I1115 00:48:20.227699 35755 pubsub.cpp:339] HEATBEAT2CLENT:1
I1115 00:48:20.228611 35756 pubsub.cpp:402] recvMsgFromServer:after read,len is 12 errno is 0:Success
I1115 00:48:20.228643 35756 pubsub.cpp:411] 1234567890
I1115 00:48:20.228654 35756 pubsub.cpp:413] recv msgs:94
I1115 00:48:20.228667 35756 pubsub.cpp:400] recvMsgFromServer:before read,pubsub_msg_t size is 12
I1115 00:48:21.227736 35755 pubsub.cpp:334] write len is 12345
I1115 00:48:21.227787 35755 pubsub.cpp:339] HEATBEAT2CLENT:1
I1115 00:48:21.228572 35756 pubsub.cpp:402] recvMsgFromServer:after read,len is 12 errno is 0:Success
I1115 00:48:21.228605 35756 pubsub.cpp:411] 1234567890
I1115 00:48:21.228615 35756 pubsub.cpp:413] recv msgs:95
I1115 00:48:21.228628 35756 pubsub.cpp:400] recvMsgFromServer:before read,pubsub_msg_t size is 12
I1115 00:48:22.227840 35755 pubsub.cpp:334] write len is 12345
I1115 00:48:22.227901 35755 pubsub.cpp:339] HEATBEAT2CLENT:1
I1115 00:48:22.228726 35756 pubsub.cpp:402] recvMsgFromServer:after read,len is 12 errno is 0:Success
I1115 00:48:22.228750 35756 pubsub.cpp:411] 1234567890
I1115 00:48:22.228761 35756 pubsub.cpp:413] recv msgs:96
I1115 00:48:22.228807 35756 pubsub.cpp:400] recvMsgFromServer:before read,pubsub_msg_t size is 12
I1115 00:48:23.227932 35755 pubsub.cpp:334] write len is 12345
I1115 00:48:23.227996 35755 pubsub.cpp:339] HEATBEAT2CLENT:1
I1115 00:48:23.228713 35756 pubsub.cpp:402] recvMsgFromServer:after read,len is 12 errno is 0:Success
I1115 00:48:23.228741 35756 pubsub.cpp:411] 1234567890
I1115 00:48:23.228757 35756 pubsub.cpp:413] recv msgs:97
I1115 00:48:23.228818 35756 pubsub.cpp:400] recvMsgFromServer:before read,pubsub_msg_t size is 12
I1115 00:48:24.228214 35755 pubsub.cpp:334] write len is 12345
I1115 00:48:24.228271 35755 pubsub.cpp:339] HEATBEAT2CLENT:1
I1115 00:48:24.228981 35756 pubsub.cpp:402] recvMsgFromServer:after read,len is 12 errno is 0:Success
I1115 00:48:24.229009 35756 pubsub.cpp:411] 1234567890
I1115 00:48:24.229019 35756 pubsub.cpp:413] recv msgs:98
I1115 00:48:24.229032 35756 pubsub.cpp:400] recvMsgFromServer:before read,pubsub_msg_t size is 12
I1115 00:48:25.228247 35755 pubsub.cpp:334] write len is 12345
I1115 00:48:25.228297 35755 pubsub.cpp:339] HEATBEAT2CLENT:1
I1115 00:48:25.229091 35756 pubsub.cpp:402] recvMsgFromServer:after read,len is 12 errno is 0:Success
I1115 00:48:25.229115 35756 pubsub.cpp:411] 1234567890
I1115 00:48:25.229122 35756 pubsub.cpp:413] recv msgs:99
I1115 00:48:25.229132 35756 pubsub.cpp:400] recvMsgFromServer:before read,pubsub_msg_t size is 12
I1115 00:48:26.228196 35755 pubsub.cpp:334] write len is 12345
I1115 00:48:26.228252 35755 pubsub.cpp:339] HEATBEAT2CLENT:1
I1115 00:48:26.228996 35756 pubsub.cpp:402] recvMsgFromServer:after read,len is 12 errno is 0:Success
I1115 00:48:26.229024 35756 pubsub.cpp:411] 1234567890
I1115 00:48:26.229039 35756 pubsub.cpp:413] recv msgs:100
I1115 00:48:26.229059 35756 pubsub.cpp:400] recvMsgFromServer:before read,pubsub_msg_t size is 12
I1115 00:48:27.228384 35755 pubsub.cpp:334] write len is 12345
I1115 00:48:27.228423 35755 pubsub.cpp:339] HEATBEAT2CLENT:1
I1115 00:48:27.228979 35756 pubsub.cpp:402] recvMsgFromServer:after read,len is 12 errno is 0:Success
I1115 00:48:27.228998 35756 pubsub.cpp:411] 1234567890
I1115 00:48:27.229007 35756 pubsub.cpp:413] recv msgs:101
I1115 00:48:27.229020 35756 pubsub.cpp:400] recvMsgFromServer:before read,pubsub_msg_t size is 12
I1115 00:48:28.228495 35755 pubsub.cpp:334] write len is 12345
I1115 00:48:28.228564 35755 pubsub.cpp:339] HEATBEAT2CLENT:1
I1115 00:48:28.229393 35756 pubsub.cpp:402] recvMsgFromServer:after read,len is 12 errno is 0:Success
I1115 00:48:28.229411 35756 pubsub.cpp:411] 1234567890
I1115 00:48:28.229419 35756 pubsub.cpp:413] recv msgs:102
I1115 00:48:28.229430 35756 pubsub.cpp:400] recvMsgFromServer:before read,pubsub_msg_t size is 12
I1115 00:48:29.228605 35755 pubsub.cpp:334] write len is 12345
I1115 00:48:29.228663 35755 pubsub.cpp:339] HEATBEAT2CLENT:1
I1115 00:48:29.229482 35756 pubsub.cpp:402] recvMsgFromServer:after read,len is 12 errno is 0:Success
I1115 00:48:29.229508 35756 pubsub.cpp:411] 1234567890
I1115 00:48:29.229523 35756 pubsub.cpp:413] recv msgs:103
I1115 00:48:29.229543 35756 pubsub.cpp:400] recvMsgFromServer:before read,pubsub_msg_t size is 12
I1115 00:48:30.228823 35755 pubsub.cpp:334] write len is 12345
I1115 00:48:30.228881 35755 pubsub.cpp:339] HEATBEAT2CLENT:1
I1115 00:48:30.229614 35756 pubsub.cpp:402] recvMsgFromServer:after read,len is 12 errno is 0:Success
I1115 00:48:30.229640 35756 pubsub.cpp:411] 1234567890
I1115 00:48:30.229655 35756 pubsub.cpp:413] recv msgs:104
I1115 00:48:30.229676 35756 pubsub.cpp:400] recvMsgFromServer:before read,pubsub_msg_t size is 12
I1115 00:48:31.228812 35755 pubsub.cpp:334] write len is 12345
I1115 00:48:31.228873 35755 pubsub.cpp:339] HEATBEAT2CLENT:1
I1115 00:48:31.229596 35756 pubsub.cpp:402] recvMsgFromServer:after read,len is 12 errno is 0:Success
I1115 00:48:31.229620 35756 pubsub.cpp:411] 1234567890
I1115 00:48:31.229635 35756 pubsub.cpp:413] recv msgs:105
I1115 00:48:31.229655 35756 pubsub.cpp:400] recvMsgFromServer:before read,pubsub_msg_t size is 12
I1115 00:48:32.229089 35755 pubsub.cpp:334] write len is 12345
I1115 00:48:32.229161 35755 pubsub.cpp:339] HEATBEAT2CLENT:1
I1115 00:48:32.229977 35756 pubsub.cpp:402] recvMsgFromServer:after read,len is 12 errno is 0:Success
I1115 00:48:32.230006 35756 pubsub.cpp:411] 1234567890
I1115 00:48:32.230016 35756 pubsub.cpp:413] recv msgs:106
I1115 00:48:32.230029 35756 pubsub.cpp:400] recvMsgFromServer:before read,pubsub_msg_t size is 12
I1115 00:48:33.228983 35755 pubsub.cpp:334] write len is 12345
I1115 00:48:33.229051 35755 pubsub.cpp:339] HEATBEAT2CLENT:1
I1115 00:48:33.229758 35756 pubsub.cpp:402] recvMsgFromServer:after read,len is 12 errno is 0:Success
I1115 00:48:33.229781 35756 pubsub.cpp:411] 1234567890
I1115 00:48:33.229794 35756 pubsub.cpp:413] recv msgs:107
I1115 00:48:33.229810 35756 pubsub.cpp:400] recvMsgFromServer:before read,pubsub_msg_t size is 12
I1115 00:48:34.228920 35755 pubsub.cpp:334] write len is 12345
I1115 00:48:34.228988 35755 pubsub.cpp:339] HEATBEAT2CLENT:1
I1115 00:48:34.229992 35756 pubsub.cpp:402] recvMsgFromServer:after read,len is 12 errno is 0:Success
I1115 00:48:34.230029 35756 pubsub.cpp:411] 1234567890
I1115 00:48:34.230046 35756 pubsub.cpp:413] recv msgs:108
I1115 00:48:34.230063 35756 pubsub.cpp:400] recvMsgFromServer:before read,pubsub_msg_t size is 12
I1115 00:48:35.228962 35755 pubsub.cpp:334] write len is 12345
I1115 00:48:35.229003 35755 pubsub.cpp:339] HEATBEAT2CLENT:1
I1115 00:48:35.229729 35756 pubsub.cpp:402] recvMsgFromServer:after read,len is 12 errno is 0:Success
I1115 00:48:35.229744 35756 pubsub.cpp:411] 1234567890
I1115 00:48:35.229750 35756 pubsub.cpp:413] recv msgs:109
I1115 00:48:35.229758 35756 pubsub.cpp:400] recvMsgFromServer:before read,pubsub_msg_t size is 12
I1115 00:48:36.229045 35755 pubsub.cpp:334] write len is 12345
I1115 00:48:36.229087 35755 pubsub.cpp:339] HEATBEAT2CLENT:1
I1115 00:48:36.229796 35756 pubsub.cpp:402] recvMsgFromServer:after read,len is 12 errno is 0:Success
I1115 00:48:36.229820 35756 pubsub.cpp:411] 1234567890
I1115 00:48:36.229832 35756 pubsub.cpp:413] recv msgs:110
I1115 00:48:36.229851 35756 pubsub.cpp:400] recvMsgFromServer:before read,pubsub_msg_t size is 12
I1115 00:48:37.229358 35755 pubsub.cpp:334] write len is 12345
I1115 00:48:37.229413 35755 pubsub.cpp:339] HEATBEAT2CLENT:1
I1115 00:48:37.230126 35756 pubsub.cpp:402] recvMsgFromServer:after read,len is 12 errno is 0:Success
I1115 00:48:37.230157 35756 pubsub.cpp:411] 1234567890
I1115 00:48:37.230168 35756 pubsub.cpp:413] recv msgs:111
I1115 00:48:37.230185 35756 pubsub.cpp:400] recvMsgFromServer:before read,pubsub_msg_t size is 12
I1115 00:48:38.229344 35755 pubsub.cpp:334] write len is 12345
I1115 00:48:38.229387 35755 pubsub.cpp:339] HEATBEAT2CLENT:1
I1115 00:48:38.230065 35756 pubsub.cpp:402] recvMsgFromServer:after read,len is 12 errno is 0:Success
I1115 00:48:38.230090 35756 pubsub.cpp:411] 1234567890
I1115 00:48:38.230103 35756 pubsub.cpp:413] recv msgs:112
I1115 00:48:38.230118 35756 pubsub.cpp:400] recvMsgFromServer:before read,pubsub_msg_t size is 12
I1115 00:48:39.229270 35755 pubsub.cpp:334] write len is 12345
I1115 00:48:39.229316 35755 pubsub.cpp:339] HEATBEAT2CLENT:1
